/files/sample.rst:2: WARNING: Title underline too short.
