./files/sample.c:1: warning: no structured comments found
