files/test4.cpp:3:26: warning: identifier after literal will be treated as a reserved user-defined literal suffix in C++11 [clang-diagnostic-c++11-compat-reserved-user-defined-literal]
#define TAR_FILE PATH "/"TAR_FILENAME
                         ^

files/test4.cpp:10:12: warning: Division by zero [clang-analyzer-core.DivideZero]
  return x % 0;
           ^
files/test4.cpp:10:12: note: Division by zero
  return x % 0;
           ^
files/test4.cpp:10:12: warning: remainder by zero is undefined [clang-diagnostic-division-by-zero]
  return x % 0;
           ^
