./files/simple.go:3:6: exported type T should have comment or be unexported
./files/simple.go:5:5: exported var Z should have its own declaration
