/something/fake/fake.cpp:3:5: runtime error: signed integer overflow: 2147483647 + 1 cannot be represented in type 'int'